// Jest Snapshot v1, https://goo.gl/fbAQLP

exports[`renders correctly 1`] = `
<div
  id="comment-date_published"
>
  Mon Aug 10 2020
</div>
`;
