// Jest Snapshot v1, https://goo.gl/fbAQLP

exports[`renders correctly 1`] = `
<div>
  <h2>
    Share Page
  </h2>
</div>
`;
