// Jest Snapshot v1, https://goo.gl/fbAQLP

exports[`renders correctly 1`] = `
<section
  id="organization-profile"
>
  <div
    id="org-info-container"
  >
    <div
      className="org-info"
      id="org-name"
    >
      <h2 />
    </div>
    <div
      className="org-info"
      id="org-phone"
    >
      <h3>
        Phone:
      </h3>
      <p>
        <a
          href="tel:undefined"
        />
      </p>
    </div>
    <div
      className="org-info"
      id="org-address"
    >
      <h3>
        Address:
      </h3>
      <p />
      <p>
        , 
         
      </p>
    </div>
  </div>
  <div
    id="endorsements-info-container"
  >
    <div
      className="endorsements-info"
      id="pos-endorsement-sum"
    />
    <div
      className="endorsements-info"
      id="pos-endorsement"
    />
    <div
      className="endorsements-info"
      id="neg-endorsement"
    />
    <div
      className="endorsements-info"
      id="neg-endorsement-sum"
    />
  </div>
  <div
    id="organization-endorsement-form-container"
  >
    <div
      id="endorsement-login-message"
    >
      <h3>
        You must 
        <a
          href="/login"
          onClick={[Function]}
        >
          log in
        </a>
         to submit endorsements
      </h3>
    </div>
  </div>
  <div
    id="comments-list-title"
  >
    <h3>
      See what others are saying
    </h3>
  </div>
  <div
    id="comment-list-container"
  >
    <div />
  </div>
  <div
    className="organization-comment-form-container"
  >
    <div
      id="comment-login-message"
    >
      <h3>
        You must 
        <a
          href="/login"
          onClick={[Function]}
        >
          log in
        </a>
         to submit comments
      </h3>
    </div>
  </div>
</section>
`;
