// Jest Snapshot v1, https://goo.gl/fbAQLP

exports[`renders correctly 1`] = `
<div>
  <h2
    className="faq-h2"
  >
    Faq Page
  </h2>
</div>
`;
