// Jest Snapshot v1, https://goo.gl/fbAQLP

exports[`renders correctly 1`] = `
<div
  className="organization-comment-form-container"
>
  <form
    aria-label="Comment form"
    id="comment-form"
    name="comment-form"
    onSubmit={[Function]}
  >
    <fieldset>
      <legend>
        <h3>
          Submit a Comment
        </h3>
      </legend>
      <div
        className="comment-form-element-container"
      >
        <label>
          Title:
        </label>
        <input
          aria-labelledby="Comment form email"
          className="comment-form-element"
          id="comment-form-input"
          name="title"
          placeholder="Search"
          required={true}
          type="text"
        />
      </div>
      <div
        className="comment-form-element-container"
      >
        <label>
          Message:
        </label>
        <textarea
          aria-labelledby="review-form-message"
          className="comment-form-element"
          cols="27"
          id="comment-form-message"
          name="content"
          required={true}
          rows="6"
        />
      </div>
      <div
        className="comment-form-error-container"
      />
      <div
        className="comment-form-element-container"
      >
        <input
          aria-label="comment form submit"
          id="comment-form-submit"
          required={true}
          type="submit"
          value="Submit"
        />
      </div>
    </fieldset>
  </form>
</div>
`;
